// Jest Snapshot v1, https://goo.gl/fbAQLP

exports[`Base test 1`] = `
Config {
  "SECRET": {
    "dummySecretKey": "Dummy Secret Value",
  },
  "dummyKey": "Dummy Value",
}
`;
