// Jest Snapshot v1, https://goo.gl/fbAQLP

exports[`fail() 1`] = `[Error: Mock error]`;
