// Jest Snapshot v1, https://goo.gl/fbAQLP

exports[`emits expected CSS 1`] = `
".SjBfrO{background:red;height:10px;width:10px}.y4brFZ{color:blue}.MzIKg7{background:green;height:10px;width:10px}
/*# sourceMappingURL=style.css.map*/"
`;
