// Jest Snapshot v1, https://goo.gl/fbAQLP

exports[`emits expected CSS 1`] = `
"/*!************************************************************************************************************************************************************************************************************************************************************************************************************************************************************!*\\
  !*** css ../../../../node_modules/css-loader/dist/cjs.js??ruleSet[1].rules[3].use[1]!../../../../node_modules/postcss-loader/dist/cjs.js??ruleSet[1].rules[3].use[2]!../../../../node_modules/resolve-url-loader/index.js!../../../../node_modules/sass-loader/dist/cjs.js??ruleSet[1].rules[3].use[4]!./__assets__/MockPackageA/TestComponent/style.scss ***!
  \\************************************************************************************************************************************************************************************************************************************************************************************************************************************************************/
/*
  Sample multi-line comment
*/
.mock-package-a___TestComponent-style___testClassName___pul43I {
  background: red;
  width: 10px;
  height: 10px;
}
/*!*********************************************************************************************************************************************************************************************************************************************************************************************************************************!*\\
  !*** css ../../../../node_modules/css-loader/dist/cjs.js??ruleSet[1].rules[3].use[1]!../../../../node_modules/postcss-loader/dist/cjs.js??ruleSet[1].rules[3].use[2]!../../../../node_modules/resolve-url-loader/index.js!../../../../node_modules/sass-loader/dist/cjs.js??ruleSet[1].rules[3].use[4]!./__assets__/style.scss ***!
  \\*********************************************************************************************************************************************************************************************************************************************************************************************************************************/
.-dr-pogodin-react-utils_____tests__-js-config-stylename-generation-__assets__-style___sampleClassName___qsmGww {
  color: blue;
}
/*!************************************************************************************************************************************************************************************************************************************************************************************************************************************************************!*\\
  !*** css ../../../../node_modules/css-loader/dist/cjs.js??ruleSet[1].rules[3].use[1]!../../../../node_modules/postcss-loader/dist/cjs.js??ruleSet[1].rules[3].use[2]!../../../../node_modules/resolve-url-loader/index.js!../../../../node_modules/sass-loader/dist/cjs.js??ruleSet[1].rules[3].use[4]!./__assets__/MockPackageB/TestComponent/style.scss ***!
  \\************************************************************************************************************************************************************************************************************************************************************************************************************************************************************/
/*
  Sample multi-line comment
*/
.-mock-scope-mock-package_b___TestComponent-style___testClassName___-UjGq4 {
  background: green;
  width: 10px;
  height: 10px;
}
"
`;

exports[`generates expected markup during SSR 1`] = `"<div class="mock-package-a___TestComponent-style___testClassName___pul43I">{"testClassName":"mock-package-a___TestComponent-style___testClassName___pul43I"}</div><div class="-mock-scope-mock-package_b___TestComponent-style___testClassName___-UjGq4">{"testClassName":"-mock-scope-mock-package_b___TestComponent-style___testClassName___-UjGq4"}</div>{"sampleClassName":"-dr-pogodin-react-utils_____tests__-js-config-stylename-generation-__assets__-style___sampleClassName___qsmGww"}"`;
