// Jest Snapshot v1, https://goo.gl/fbAQLP

exports[`resolveWeak 1`] = `"../../../../src/shared/utils/config"`;
