// Jest Snapshot v1, https://goo.gl/fbAQLP

exports[`generates expected markup during SSR 1`] = `"<img alt="logo" src="/images/cd564973d92d0a8a8a17.png">"`;
