// Jest Snapshot v1, https://goo.gl/fbAQLP

exports[`Matches snapshots 1`] = `
<GenericLink
  className=""
  disabled={false}
  enforceA={false}
  keepScrollPosition={false}
  openNewTab={false}
  replace={false}
  routerLinkType={
    {
      "$$typeof": Symbol(react.forward_ref),
      "render": [Function],
    }
  }
  to=""
/>
`;
